../Drivers/CMSIS/Include/core_cm3.h:1639:22:__NVIC_SetPriority	16	static
../Drivers/CMSIS/Include/core_cm3.h:1834:26:SysTick_Config	16	static
../Core/Src/main.c:72:5:main	8	static
../Core/Src/main.c:119:6:SystemClock_Config	72	static
../Core/Src/main.c:156:13:MX_USART1_UART_Init	8	static
../Core/Src/main.c:189:13:MX_GPIO_Init	32	static
../Core/Src/main.c:227:6:HAL_GPIO_EXTI_Callback	16	static
../Core/Src/main.c:232:6:SysTick_Handler	16	static
../Core/Src/main.c:293:6:Error_Handler	4	static,ignoring_inline_asm
